
> @ik/web@0.1.0 build C:\Users\ANUJ\Desktop\Itin-keithel\apps\web
> next build

▲ Next.js 16.2.9 (Turbopack)

  Creating an optimized production build ...
✓ Compiled successfully in 30.3s
  Running TypeScript ...
  Finished TypeScript in 29.0s ...
  Collecting page data using 7 workers ...
  Generating static pages using 7 workers (0/33) ...
  Generating static pages using 7 workers (8/33) 
  Generating static pages using 7 workers (16/33) 
  Generating static pages using 7 workers (24/33) 
✓ Generating static pages using 7 workers (33/33) in 1261ms
  Finalizing page optimization ...

Route (app)
┌ ○ /
├ ○ /_not-found
├ ○ /about
├ ○ /account
├ ○ /account/orders
├ ƒ /account/orders/[code]
├ ○ /account/profile
├ ○ /account/settings
├ ○ /auth/forgot
├ ○ /auth/login
├ ○ /auth/signup
├ ○ /cart
├ ○ /categories
├ ƒ /categories/[slug]
├ ○ /checkout
├ ○ /checkout/success
├ ○ /collections
├ ƒ /collections/[slug]
├ ○ /coming-soon
├ ○ /contact
├ ○ /dev/kitchen-sink
├ ○ /dev/routes
├ ○ /faq
├ ○ /gi-registry
├ ○ /guilds
├ ƒ /guilds/[slug]
├ ○ /journal
├ ƒ /journal/[slug]
├ ○ /privacy
├ ○ /returns
├ ○ /search
├ ○ /shipping
├ ƒ /shop
├ ƒ /shop/[slug]
├ ○ /story
├ ○ /sustainability
├ ○ /terms
└ ○ /wishlist


○  (Static)   prerendered as static content
ƒ  (Dynamic)  server-rendered on demand

